###############################################################################
#
# IAR ELF Linker V7.50.2.10312/W32 for ARM                13/Mar/2016  12:17:58
# Copyright 2007-2015 IAR Systems AB.
#
#    Output file  =  
#        D:\zwork\svn\EEarPcb\soft\reference\examples\stm32_discovery_arm_gcc\STM32F4-Discovery_FW_V1.1.0\Project\Peripheral_Examples\IO_Toggle\EWARM\IO_Toggle\Exe\IO_Toggle.out
#    Map file     =  
#        D:\zwork\svn\EEarPcb\soft\reference\examples\stm32_discovery_arm_gcc\STM32F4-Discovery_FW_V1.1.0\Project\Peripheral_Examples\IO_Toggle\EWARM\IO_Toggle\List\IO_Toggle.map
#    Command line =  
#        D:\zwork\svn\EEarPcb\soft\reference\examples\stm32_discovery_arm_gcc\STM32F4-Discovery_FW_V1.1.0\Project\Peripheral_Examples\IO_Toggle\EWARM\IO_Toggle\Obj\main.o
#        D:\zwork\svn\EEarPcb\soft\reference\examples\stm32_discovery_arm_gcc\STM32F4-Discovery_FW_V1.1.0\Project\Peripheral_Examples\IO_Toggle\EWARM\IO_Toggle\Obj\misc.o
#        D:\zwork\svn\EEarPcb\soft\reference\examples\stm32_discovery_arm_gcc\STM32F4-Discovery_FW_V1.1.0\Project\Peripheral_Examples\IO_Toggle\EWARM\IO_Toggle\Obj\startup_stm32f4xx.o
#        D:\zwork\svn\EEarPcb\soft\reference\examples\stm32_discovery_arm_gcc\STM32F4-Discovery_FW_V1.1.0\Project\Peripheral_Examples\IO_Toggle\EWARM\IO_Toggle\Obj\stm32f4_discovery.o
#        D:\zwork\svn\EEarPcb\soft\reference\examples\stm32_discovery_arm_gcc\STM32F4-Discovery_FW_V1.1.0\Project\Peripheral_Examples\IO_Toggle\EWARM\IO_Toggle\Obj\stm32f4xx_gpio.o
#        D:\zwork\svn\EEarPcb\soft\reference\examples\stm32_discovery_arm_gcc\STM32F4-Discovery_FW_V1.1.0\Project\Peripheral_Examples\IO_Toggle\EWARM\IO_Toggle\Obj\stm32f4xx_it.o
#        D:\zwork\svn\EEarPcb\soft\reference\examples\stm32_discovery_arm_gcc\STM32F4-Discovery_FW_V1.1.0\Project\Peripheral_Examples\IO_Toggle\EWARM\IO_Toggle\Obj\stm32f4xx_rcc.o
#        D:\zwork\svn\EEarPcb\soft\reference\examples\stm32_discovery_arm_gcc\STM32F4-Discovery_FW_V1.1.0\Project\Peripheral_Examples\IO_Toggle\EWARM\IO_Toggle\Obj\system_stm32f4xx.o
#        --redirect _Printf=_PrintfSmall --redirect _Scanf=_ScanfSmall -o
#        D:\zwork\svn\EEarPcb\soft\reference\examples\stm32_discovery_arm_gcc\STM32F4-Discovery_FW_V1.1.0\Project\Peripheral_Examples\IO_Toggle\EWARM\IO_Toggle\Exe\IO_Toggle.out
#        --map
#        D:\zwork\svn\EEarPcb\soft\reference\examples\stm32_discovery_arm_gcc\STM32F4-Discovery_FW_V1.1.0\Project\Peripheral_Examples\IO_Toggle\EWARM\IO_Toggle\List\IO_Toggle.map
#        --config
#        D:\zwork\svn\EEarPcb\soft\reference\examples\stm32_discovery_arm_gcc\STM32F4-Discovery_FW_V1.1.0\Project\Peripheral_Examples\IO_Toggle\EWARM\stm32f4xx_flash.icf
#        --semihosting --entry __iar_program_start --vfe
#
###############################################################################

*******************************************************************************
*** RUNTIME MODEL ATTRIBUTES
***

CppFlavor       = *
__SystemLibrary = DLib


*******************************************************************************
*** PLACEMENT SUMMARY
***

"A1":  place at 0x08000000 { ro section .intvec };
"P1":  place in [from 0x08000000 to 0x080fffff] { ro };
"P2":  place in [from 0x20000000 to 0x20020000] { rw, block CSTACK, block HEAP };

  Section          Kind        Address   Size  Object
  -------          ----        -------   ----  ------
"A1":                                   0x188
  .intvec          ro code  0x08000000  0x188  startup_stm32f4xx.o [1]
                          - 0x08000188  0x188

"P1":                                   0x468
  .text            ro code  0x08000188   0xe0  system_stm32f4xx.o [1]
  .text            ro code  0x08000268   0x9e  main.o [1]
  .text            ro code  0x08000308   0x18  stm32f4xx_rcc.o [1]
  .text            ro code  0x08000320   0x78  stm32f4xx_gpio.o [1]
  .text            ro code  0x08000398   0x40  zero_init3.o [4]
  .text            ro code  0x080003d8   0x28  data_init.o [4]
  .iar.init_table  const    0x08000400   0x10  - Linker created -
  .text            ro code  0x08000410   0x1a  cmain.o [4]
  .text            ro code  0x0800042a    0x4  low_level_init.o [3]
  .text            ro code  0x0800042e    0x4  exit.o [3]
  .text            ro code  0x08000434    0xa  cexit.o [4]
  .text            ro code  0x08000440   0x14  exit.o [5]
  .text            ro code  0x08000454   0x12  stm32f4xx_it.o [1]
  .text            ro code  0x08000468   0x10  startup_stm32f4xx.o [1]
  .text            ro code  0x08000478    0xc  cstartup_M.o [4]
  .text            ro code  0x08000484    0x4  startup_stm32f4xx.o [1]
  .text            ro code  0x08000488    0x4  startup_stm32f4xx.o [1]
  .text            ro code  0x0800048c    0x4  startup_stm32f4xx.o [1]
  .text            ro code  0x08000490    0x4  startup_stm32f4xx.o [1]
  .text            ro code  0x08000494    0x4  startup_stm32f4xx.o [1]
  .text            ro code  0x08000498    0x4  startup_stm32f4xx.o [1]
  .text            ro code  0x0800049c    0x4  startup_stm32f4xx.o [1]
  .text            ro code  0x080004a0    0x4  startup_stm32f4xx.o [1]
  .text            ro code  0x080004a4    0x4  startup_stm32f4xx.o [1]
  .text            ro code  0x080004a8    0x4  startup_stm32f4xx.o [1]
  .text            ro code  0x080004ac    0x4  startup_stm32f4xx.o [1]
  .text            ro code  0x080004b0    0x4  startup_stm32f4xx.o [1]
  .text            ro code  0x080004b4    0x4  startup_stm32f4xx.o [1]
  .text            ro code  0x080004b8    0x4  startup_stm32f4xx.o [1]
  .text            ro code  0x080004bc    0x4  startup_stm32f4xx.o [1]
  .text            ro code  0x080004c0    0x4  startup_stm32f4xx.o [1]
  .text            ro code  0x080004c4    0x4  startup_stm32f4xx.o [1]
  .text            ro code  0x080004c8    0x4  startup_stm32f4xx.o [1]
  .text            ro code  0x080004cc    0x4  startup_stm32f4xx.o [1]
  .text            ro code  0x080004d0    0x4  startup_stm32f4xx.o [1]
  .text            ro code  0x080004d4    0x4  startup_stm32f4xx.o [1]
  .text            ro code  0x080004d8    0x4  startup_stm32f4xx.o [1]
  .text            ro code  0x080004dc    0x4  startup_stm32f4xx.o [1]
  .text            ro code  0x080004e0    0x4  startup_stm32f4xx.o [1]
  .text            ro code  0x080004e4    0x4  startup_stm32f4xx.o [1]
  .text            ro code  0x080004e8    0x4  startup_stm32f4xx.o [1]
  .text            ro code  0x080004ec    0x4  startup_stm32f4xx.o [1]
  .text            ro code  0x080004f0    0x4  startup_stm32f4xx.o [1]
  .text            ro code  0x080004f4    0x4  startup_stm32f4xx.o [1]
  .text            ro code  0x080004f8    0x4  startup_stm32f4xx.o [1]
  .text            ro code  0x080004fc    0x4  startup_stm32f4xx.o [1]
  .text            ro code  0x08000500    0x4  startup_stm32f4xx.o [1]
  .text            ro code  0x08000504    0x4  startup_stm32f4xx.o [1]
  .text            ro code  0x08000508    0x4  startup_stm32f4xx.o [1]
  .text            ro code  0x0800050c    0x4  startup_stm32f4xx.o [1]
  .text            ro code  0x08000510    0x4  startup_stm32f4xx.o [1]
  .text            ro code  0x08000514    0x4  startup_stm32f4xx.o [1]
  .text            ro code  0x08000518    0x4  startup_stm32f4xx.o [1]
  .text            ro code  0x0800051c    0x4  startup_stm32f4xx.o [1]
  .text            ro code  0x08000520    0x4  startup_stm32f4xx.o [1]
  .text            ro code  0x08000524    0x4  startup_stm32f4xx.o [1]
  .text            ro code  0x08000528    0x4  startup_stm32f4xx.o [1]
  .text            ro code  0x0800052c    0x4  startup_stm32f4xx.o [1]
  .text            ro code  0x08000530    0x4  startup_stm32f4xx.o [1]
  .text            ro code  0x08000534    0x4  startup_stm32f4xx.o [1]
  .text            ro code  0x08000538    0x4  startup_stm32f4xx.o [1]
  .text            ro code  0x0800053c    0x4  startup_stm32f4xx.o [1]
  .text            ro code  0x08000540    0x4  startup_stm32f4xx.o [1]
  .text            ro code  0x08000544    0x4  startup_stm32f4xx.o [1]
  .text            ro code  0x08000548    0x4  startup_stm32f4xx.o [1]
  .text            ro code  0x0800054c    0x4  startup_stm32f4xx.o [1]
  .text            ro code  0x08000550    0x4  startup_stm32f4xx.o [1]
  .text            ro code  0x08000554    0x4  startup_stm32f4xx.o [1]
  .text            ro code  0x08000558    0x4  startup_stm32f4xx.o [1]
  .text            ro code  0x0800055c    0x4  startup_stm32f4xx.o [1]
  .text            ro code  0x08000560    0x4  startup_stm32f4xx.o [1]
  .text            ro code  0x08000564    0x4  startup_stm32f4xx.o [1]
  .text            ro code  0x08000568    0x4  startup_stm32f4xx.o [1]
  .text            ro code  0x0800056c    0x4  startup_stm32f4xx.o [1]
  .text            ro code  0x08000570    0x4  startup_stm32f4xx.o [1]
  .text            ro code  0x08000574    0x4  startup_stm32f4xx.o [1]
  .text            ro code  0x08000578    0x4  startup_stm32f4xx.o [1]
  .text            ro code  0x0800057c    0x4  startup_stm32f4xx.o [1]
  .text            ro code  0x08000580    0x4  startup_stm32f4xx.o [1]
  .text            ro code  0x08000584    0x4  startup_stm32f4xx.o [1]
  .text            ro code  0x08000588    0x4  startup_stm32f4xx.o [1]
  .text            ro code  0x0800058c    0x4  startup_stm32f4xx.o [1]
  .text            ro code  0x08000590    0x4  startup_stm32f4xx.o [1]
  .text            ro code  0x08000594    0x4  startup_stm32f4xx.o [1]
  .text            ro code  0x08000598    0x4  startup_stm32f4xx.o [1]
  .text            ro code  0x0800059c    0x4  startup_stm32f4xx.o [1]
  .text            ro code  0x080005a0    0x4  startup_stm32f4xx.o [1]
  .text            ro code  0x080005a4    0x4  startup_stm32f4xx.o [1]
  .text            ro code  0x080005a8    0x4  startup_stm32f4xx.o [1]
  .text            ro code  0x080005ac    0x4  startup_stm32f4xx.o [1]
  .text            ro code  0x080005b0    0x4  startup_stm32f4xx.o [1]
  .text            ro code  0x080005b4    0x4  startup_stm32f4xx.o [1]
  .text            ro code  0x080005b8    0x4  startup_stm32f4xx.o [1]
  .text            ro code  0x080005bc    0x4  startup_stm32f4xx.o [1]
  .text            ro code  0x080005c0    0x4  startup_stm32f4xx.o [1]
  .text            ro code  0x080005c4    0x4  startup_stm32f4xx.o [1]
  .text            ro code  0x080005c8    0x4  startup_stm32f4xx.o [1]
  .text            ro code  0x080005cc    0x4  startup_stm32f4xx.o [1]
  .text            ro code  0x080005d0    0x4  startup_stm32f4xx.o [1]
  .text            ro code  0x080005d4    0x4  startup_stm32f4xx.o [1]
  .text            ro code  0x080005d8    0x4  startup_stm32f4xx.o [1]
  .text            ro code  0x080005dc    0x4  startup_stm32f4xx.o [1]
  .text            ro code  0x080005e0    0x4  startup_stm32f4xx.o [1]
  .text            ro code  0x080005e4    0x4  startup_stm32f4xx.o [1]
  .text            ro code  0x080005e8    0x4  startup_stm32f4xx.o [1]
  .text            ro code  0x080005ec    0x4  startup_stm32f4xx.o [1]
  .rodata          const    0x080005f0    0x0  zero_init3.o [4]
                          - 0x080005f0  0x468

"P2", part 1 of 2:                        0x8
  .bss             zero     0x20000000    0x8  main.o [1]
                          - 0x20000008    0x8

"P2", part 2 of 2:                      0x400
  CSTACK                    0x20000008  0x400  <Block>
    CSTACK         uninit   0x20000008  0x400  <Block tail>
                          - 0x20000408  0x400


*******************************************************************************
*** INIT TABLE
***

          Address     Size
          -------     ----
Zero (__iar_zero_init3)
    1 destination range, total size 0x8:
          0x20000000   0x8



*******************************************************************************
*** MODULE SUMMARY
***

    Module               ro code  ro data  rw data
    ------               -------  -------  -------
D:\zwork\svn\EEarPcb\soft\reference\examples\stm32_discovery_arm_gcc\STM32F4-Discovery_FW_V1.1.0\Project\Peripheral_Examples\IO_Toggle\EWARM\IO_Toggle\Obj: [1]
    main.o                   158                 8
    startup_stm32f4xx.o      772
    stm32f4xx_gpio.o         120
    stm32f4xx_it.o            18
    stm32f4xx_rcc.o           24
    system_stm32f4xx.o       224
    ----------------------------------------------
    Total:                 1 316                 8

command line: [2]
    ----------------------------------------------
    Total:

dl7M_tln.a: [3]
    exit.o                     4
    low_level_init.o           4
    ----------------------------------------------
    Total:                     8

rt7M_tl.a: [4]
    cexit.o                   10
    cmain.o                   26
    cstartup_M.o              12
    data_init.o               40
    zero_init3.o              64
    ----------------------------------------------
    Total:                   152

shb_l.a: [5]
    exit.o                    20
    ----------------------------------------------
    Total:                    20

    Gaps                       8
    Linker created                     16    1 024
--------------------------------------------------
    Grand Total:           1 504       16    1 032


*******************************************************************************
*** ENTRY LIST
***

Entry                      Address  Size  Type      Object
-----                      -------  ----  ----      ------
.iar.init_table$$Base   0x08000400         --   Gb  - Linker created -
.iar.init_table$$Limit  0x08000410         --   Gb  - Linker created -
?main                   0x08000411        Code  Gb  cmain.o [4]
BusFault_Handler        0x0800045b   0x2  Code  Gb  stm32f4xx_it.o [1]
CSTACK$$Base            0x20000008         --   Gb  - Linker created -
CSTACK$$Limit           0x20000408         --   Gb  - Linker created -
DebugMon_Handler        0x08000461   0x2  Code  Gb  stm32f4xx_it.o [1]
Delay                   0x080002f7  0x10  Code  Gb  main.o [1]
GPIO_Init               0x08000321  0x70  Code  Gb  stm32f4xx_gpio.o [1]
GPIO_InitStructure      0x20000000   0x8  Data  Gb  main.o [1]
GPIO_ResetBits          0x08000395   0x4  Code  Gb  stm32f4xx_gpio.o [1]
GPIO_SetBits            0x08000391   0x4  Code  Gb  stm32f4xx_gpio.o [1]
HardFault_Handler       0x08000457   0x2  Code  Gb  stm32f4xx_it.o [1]
MemManage_Handler       0x08000459   0x2  Code  Gb  stm32f4xx_it.o [1]
NMI_Handler             0x08000455   0x2  Code  Gb  stm32f4xx_it.o [1]
PendSV_Handler          0x08000463   0x2  Code  Gb  stm32f4xx_it.o [1]
RCC_AHB1PeriphClockCmd  0x08000309  0x12  Code  Gb  stm32f4xx_rcc.o [1]
Region$$Table$$Base     0x08000400         --   Gb  - Linker created -
Region$$Table$$Limit    0x08000410         --   Gb  - Linker created -
SVC_Handler             0x0800045f   0x2  Code  Gb  stm32f4xx_it.o [1]
SysTick_Handler         0x08000465   0x2  Code  Gb  stm32f4xx_it.o [1]
SystemInit              0x08000189  0xc4  Code  Gb  system_stm32f4xx.o [1]
UsageFault_Handler      0x0800045d   0x2  Code  Gb  stm32f4xx_it.o [1]
__cmain                 0x08000411        Code  Gb  cmain.o [4]
__exit                  0x08000441  0x14  Code  Gb  exit.o [5]
__iar_data_init3        0x080003d9  0x28  Code  Gb  data_init.o [4]
__iar_program_start     0x08000479        Code  Gb  cstartup_M.o [4]
__iar_zero_init3        0x08000399  0x40  Code  Gb  zero_init3.o [4]
__low_level_init        0x0800042b   0x4  Code  Gb  low_level_init.o [3]
__vector_table          0x08000000        Data  Gb  startup_stm32f4xx.o [1]
_call_main              0x0800041d        Code  Gb  cmain.o [4]
_exit                   0x08000435        Code  Gb  cexit.o [4]
_main                   0x08000427        Code  Gb  cmain.o [4]
exit                    0x0800042f   0x4  Code  Gb  exit.o [3]
main                    0x08000269  0x78  Code  Gb  main.o [1]


[1] = D:\zwork\svn\EEarPcb\soft\reference\examples\stm32_discovery_arm_gcc\STM32F4-Discovery_FW_V1.1.0\Project\Peripheral_Examples\IO_Toggle\EWARM\IO_Toggle\Obj
[2] = command line
[3] = dl7M_tln.a
[4] = rt7M_tl.a
[5] = shb_l.a

  1 504 bytes of readonly  code memory
     16 bytes of readonly  data memory
  1 032 bytes of readwrite data memory

Errors: none
Warnings: none
